Program parsed correctly!
---------------------------
--------Printing AST-------
---------------------------
Program
    Function List
    Statement List
        Declaration statement: x
            Type: num
            Assignment statement: x
                Number: 3.5
        Declaration statement: y
            Type: num
            Assignment statement: y
                Binary operator '+'
                    Identifier: x
                    Number: 1.0
        Print Statement
            Identifier: y
