Program parsed correctly!
---------------------------
--------Printing AST-------
---------------------------
Program
    Function List
    Statement List
        Declaration statement: myStr
            Type: text
            Assignment statement: myStr
                Quoted string: "This is line one with \"quotes inside\". \n This is line two."
        Print Statement
            Identifier: myStr
