Program parsed correctly!
---------------------------
--------Printing AST-------
---------------------------
Program
    Function List
        Function declaration: addThem
            Type: num
            Parameter List
                Parameter: x
                    Type: num
                Parameter: y
                    Type: num
            Statement List
                Declaration statement: z
                    Type: num
                    Assignment statement: z
                        Binary operator '+'
                            Identifier: x
                            Identifier: y
                Return Statement
                    Identifier: z
    Statement List
        Print Statement
            Function call: addThem
                Expression List
                    Number: 40.0
                    Number: 2.0
